[INFO] Scanning for projects...
[INFO] 
[INFO] ------------------------------< com:demo >------------------------------
[INFO] Building BACKEND 0.0.1-SNAPSHOT
[INFO]   from pom.xml
[INFO] --------------------------------[ jar ]---------------------------------
[INFO] 
[INFO] --- clean:3.3.2:clean (default-clean) @ demo ---
[INFO] Deleting C:\Users\kashi\redtape-freelance\backend\target
[INFO] 
[INFO] --- resources:3.3.1:resources (default-resources) @ demo ---
[INFO] Copying 1 resource from src\main\resources to target\classes
[INFO] Copying 0 resource from src\main\resources to target\classes
[INFO] 
[INFO] --- compiler:3.11.0:compile (default-compile) @ demo ---
[INFO] Changes detected - recompiling the module! :source
[INFO] Compiling 129 source files with javac [debug release 17] to target\classes
[INFO] -------------------------------------------------------------
[ERROR] COMPILATION ERROR : 
[INFO] -------------------------------------------------------------
[ERROR] /C:/Users/kashi/redtape-freelance/backend/src/main/java/com/controller/pub/ImageController.java:[75,24] incompatible types: org.springframework.http.ResponseEntity<capture#1 of ? extends java.lang.Object> cannot be converted to org.springframework.http.ResponseEntity<byte[]>
[INFO] 1 error
[INFO] -------------------------------------------------------------
[INFO] ------------------------------------------------------------------------
[INFO] BUILD FAILURE
[INFO] ------------------------------------------------------------------------
[INFO] Total time:  27.008 s
[INFO] Finished at: 2026-02-11T10:42:35+05:30
[INFO] ------------------------------------------------------------------------
[ERROR] Failed to execute goal org.apache.maven.plugins:maven-compiler-plugin:3.11.0:compile (default-compile) on project demo: Compilation failure
[ERROR] /C:/Users/kashi/redtape-freelance/backend/src/main/java/com/controller/pub/ImageController.java:[75,24] incompatible types: org.springframework.http.ResponseEntity<capture#1 of ? extends java.lang.Object> cannot be converted to org.springframework.http.ResponseEntity<byte[]>
[ERROR] 
[ERROR] -> [Help 1]
[ERROR] 
[ERROR] To see the full stack trace of the errors, re-run Maven with the -e switch.
[ERROR] Re-run Maven using the -X switch to enable full debug logging.
[ERROR] 
[ERROR] For more information about the errors and possible solutions, please read the following articles:
[ERROR] [Help 1] http://cwiki.apache.org/confluence/display/MAVEN/MojoFailureException
